wo 03 dec 2025 07:18:39 CET
$PROBLEM    CeftriaxPro Base Model Development
$INPUT      ID TIME DOSE=AMT RATE CONC=DV CONC_ID BW SEX ALB SCR eGFR
            AGE ETHNI PR DVID CMT MDV EVID
$DATA      ../../m1/bs_pr1_1193.dta IGNORE=@
$SUBROUTINE ADVAN13 ;; general nonlinear model
            TOL=9
$MODEL      NCOMP=2 ;; number of compartments
            COMP=(DOSE,DEFDOSE,DEFOBS) ;; first (central) compartment
            COMP=(PERIPH) ;; second (peripheral) compartment
$PK
IF (EVID.EQ.1) LASTDOSE = TIME
TAD = TIME - LASTDOSE

EGFRCL = THETA(1)

; exponents for covariates
TVCL = THETA(2)
  CL = TVCL * (eGFR/90)**EGFRCL * EXP(ETA(1))
TVV1 = THETA(3)
  V1 = TVV1 * EXP(ETA(2))
TVV2 = THETA(4)
  V2 = TVV2
 TVQ = THETA(5)
   Q = TVQ

 K10 = CL/V1
 K12 = Q/V1
 K21 = Q/V2
  S1 = V1 ;; scale prediction based on DOSE (mmol) and DV (mmol/L)
  S2 = V2

; Binding parameters
TVKD = THETA(6)
  KD = TVKD
 TVN = THETA(7)
   N = TVN


$THETA  1.58922 ; ; EGFRCL
 (0,8.31463) ; _; CL
 (0,56.0892) ; __; V1
 (0,43.9815) ; ___; V2
 (0,20.5868) ; ____; Q
 (0,0.0413634) ; _____; KD
 (0,0.840144) ; ______; N
; chech phase 1 trial, SAME order as PK
$OMEGA  0.099116  ;    _______  ; not yet known, outcome picked for next models, put a relatively small number
 0.27993  ;   ________  ; not yet known, outcome picked for next models
;; variance covariance matrix for interindividual variability
$SIGMA  0.046373  ;  _________  ; EPS(1), proportional error, not yet known, outcome picked for next models
;; variance covariance matrix for residual error
$DES DADT(1) = -K10*A(1) -K12*A(1) +K21*A(2)  ;; ODE for central    compartment
     DADT(2) =            K12*A(1) -K21*A(2)  ;; ODE for peripheral compartment

$ERROR
IPRED_UNBOUND = F
IF (CONC_ID.EQ.2) IPRED = IPRED_UNBOUND ;; unbound
IF (CONC_ID.EQ.1) IPRED = IPRED_UNBOUND * (1 + (N * ALB)/(KD + IPRED_UNBOUND))

Y = IPRED + IPRED*ERR(1)
W = SQRT(IPRED**2*SIGMA(1,1))
IRES  = CONC - IPRED
IWRES = IRES / W

$ESTIMATION METHOD=1 INTERACTION ;; FOCE-I
            MAXEVAL=9999 SIG=3 PRINT=5


NM-TRAN MESSAGES
  
 WARNINGS AND ERRORS (IF ANY) FOR PROBLEM    1
             
 (WARNING  2) NM-TRAN INFERS THAT THE DATA ARE POPULATION.
             
 (WARNING  3) THERE MAY BE AN ERROR IN THE ABBREVIATED CODE. THE FOLLOWING
 ONE OR MORE RANDOM VARIABLES ARE DEFINED WITH "IF" STATEMENTS THAT DO NOT
 PROVIDE DEFINITIONS FOR BOTH THE "THEN" AND "ELSE" CASES. IF ALL
 CONDITIONS FAIL, THE VALUES OF THESE VARIABLES WILL BE ZERO.
  
   IPRED

             
 (WARNING  79) SIGMA IS USED ON THE RIGHT. WITH A SUBSEQUENT RUN, IF AN
 INITIAL ESTIMATE OF A DIAGONAL BLOCK OF SIGMA IS TO BE COMPUTED BY
 NONMEM, THAT BLOCK WILL BE SET TO AN IDENTITY MATRIX DURING THAT
 COMPUTATION. THIS COULD LEAD TO AN ARITHMETIC EXCEPTION.*

 * THE MAXIMUM NUMBER OF WARNINGS OF ONE OR MORE TYPES WAS REACHED.
 IT IS POSSIBLE THAT SOME WARNING MESSAGES WERE SUPPRESSED.
  
Note: Analytical 2nd Derivatives are constructed in FSUBS but are never used.
      You may insert $ABBR DERIV2=NO after the first $PROB to save FSUBS construction and compilation time
  

License Registered to: Erwin DREESEN KU Leuven
Expiration Date:    25 JAN 2026
Current Date:        3 DEC 2025
Days until program expires :  57
1NONLINEAR MIXED EFFECTS MODEL PROGRAM (NONMEM) VERSION 7.6.0 (nm760)
 ORIGINALLY DEVELOPED BY STUART BEAL, LEWIS SHEINER, AND ALISON BOECKMANN
 CURRENT DEVELOPERS ARE ROBERT BAUER, ICON DEVELOPMENT SOLUTIONS,
 AND ALISON BOECKMANN. IMPLEMENTATION, EFFICIENCY, AND STANDARDIZATION
 PERFORMED BY NOUS INFOSYSTEMS.

 PROBLEM NO.:         1
 CeftriaxPro Base Model Development
0DATA CHECKOUT RUN:              NO
 DATA SET LOCATED ON UNIT NO.:    2
 THIS UNIT TO BE REWOUND:        NO
 CREATE/ADD TO FDATA.csv:        YES
 NO. OF DATA RECS IN DATA SET:     1519
 NO. OF DATA ITEMS IN DATA SET:  18
 ID DATA ITEM IS DATA ITEM NO.:   1
 DEP VARIABLE IS DATA ITEM NO.:   5
 MDV DATA ITEM IS DATA ITEM NO.: 17
0INDICES PASSED TO SUBROUTINE PRED:
  18   2   3   4   0   0  16   0   0   0   0
0LABELS FOR DATA ITEMS:
 ID TIME DOSE RATE CONC CONC_ID BW SEX ALB SCR eGFR AGE ETHNI PR DVID CMT MDV EVID
0FORMAT FOR DATA:
 (E2.0,E7.0,E8.0,E16.0,E20.0,E1.0,E16.0,E1.0/2E17.0,E16.0,7E2.0)

 TOT. NO. OF OBS RECS:      992
 TOT. NO. OF INDIVIDUALS:       33
0LENGTH OF THETA:   7
0DEFAULT THETA BOUNDARY TEST OMITTED:    NO
0OMEGA HAS SIMPLE DIAGONAL FORM WITH DIMENSION:   2
0DEFAULT OMEGA BOUNDARY TEST OMITTED:    NO
0SIGMA HAS SIMPLE DIAGONAL FORM WITH DIMENSION:   1
0DEFAULT SIGMA BOUNDARY TEST OMITTED:    NO
0INITIAL ESTIMATE OF THETA:
 LOWER BOUND    INITIAL EST    UPPER BOUND
 -0.1000E+07     0.1589E+01     0.1000E+07
  0.0000E+00     0.8315E+01     0.1000E+07
  0.0000E+00     0.5609E+02     0.1000E+07
  0.0000E+00     0.4398E+02     0.1000E+07
  0.0000E+00     0.2059E+02     0.1000E+07
  0.0000E+00     0.4136E-01     0.1000E+07
  0.0000E+00     0.8401E+00     0.1000E+07
0INITIAL ESTIMATE OF OMEGA:
 0.9912E-01
 0.0000E+00   0.2799E+00
0INITIAL ESTIMATE OF SIGMA:
 0.4637E-01
1DOUBLE PRECISION PREDPP VERSION 7.6.0 (nm760)

 GENERAL NONLINEAR KINETICS MODEL WITH STIFF/NONSTIFF EQUATIONS (LSODA, ADVAN13)
0MODEL SUBROUTINE USER-SUPPLIED - ID NO. 9999
0MAXIMUM NO. OF BASIC PK PARAMETERS:   3
0COMPARTMENT ATTRIBUTES
 COMPT. NO.   FUNCTION   INITIAL    ON/OFF      DOSE      DEFAULT    DEFAULT
                         STATUS     ALLOWED    ALLOWED    FOR DOSE   FOR OBS.
    1         DOSE         ON         YES        YES        YES        YES
    2         PERIPH       ON         YES        YES        NO         NO
    3         OUTPUT       OFF        YES        NO         NO         NO
 INITIAL (BASE) TOLERANCE SETTINGS:
 NRD (RELATIVE) VALUE(S) OF TOLERANCE:   9
 ANRD (ABSOLUTE) VALUE(S) OF TOLERANCE:  12
1
 ADDITIONAL PK PARAMETERS - ASSIGNMENT OF ROWS IN GG
 COMPT. NO.                             INDICES
              SCALE      BIOAVAIL.   ZERO-ORDER  ZERO-ORDER  ABSORB
                         FRACTION    RATE        DURATION    LAG
    1            4           *           *           *           *
    2            5           *           *           *           *
    3            *           -           -           -           -
             - PARAMETER IS NOT ALLOWED FOR THIS MODEL
             * PARAMETER IS NOT SUPPLIED BY PK SUBROUTINE;
               WILL DEFAULT TO ONE IF APPLICABLE
0DATA ITEM INDICES USED BY PRED ARE:
   EVENT ID DATA ITEM IS DATA ITEM NO.:     18
   TIME DATA ITEM IS DATA ITEM NO.:          2
   DOSE AMOUNT DATA ITEM IS DATA ITEM NO.:   3
   DOSE RATE DATA ITEM IS DATA ITEM NO.:     4
   COMPT. NO. DATA ITEM IS DATA ITEM NO.:   16

0PK SUBROUTINE CALLED WITH EVERY EVENT RECORD.
 PK SUBROUTINE NOT CALLED AT NONEVENT (ADDITIONAL OR LAGGED) DOSE TIMES.
0ERROR SUBROUTINE CALLED WITH EVERY EVENT RECORD.
0DES SUBROUTINE USES COMPACT STORAGE MODE.
1


 #TBLN:      1
 #METH: First Order Conditional Estimation with Interaction

 ESTIMATION STEP OMITTED:                 NO
 SHRINK INFO WITH EVALUATION (EVALSHRINK) NO
 ANALYSIS TYPE:                           POPULATION
 NUMBER OF SADDLE POINT RESET ITERATIONS:      0
 GRADIENT METHOD USED:               NOSLOW
 CONDITIONAL ESTIMATES USED:              YES
 CENTERED ETA:                            NO
 EPS-ETA INTERACTION:                     YES
 LAPLACIAN OBJ. FUNC.:                    NO
 NO. OF FUNCT. EVALS. ALLOWED:            9999
 NO. OF SIG. FIGURES REQUIRED:            3
 INTERMEDIATE PRINTOUT:                   YES
 ESTIMATE OUTPUT TO MSF:                  NO
 IND. OBJ. FUNC. VALUES SORTED:           NO
 NUMERICAL DERIVATIVE
       FILE REQUEST (NUMDER):               NONE
 MAP (ETAHAT) ESTIMATION METHOD (OPTMAP):   0
 ETA HESSIAN EVALUATION METHOD (ETADER):    0
 INITIAL ETA FOR MAP ESTIMATION (MCETA):    0
 SIGDIGITS FOR MAP ESTIMATION (SIGLO):      100
 GRADIENT SIGDIGITS OF
       FIXED EFFECTS PARAMETERS (SIGL):     100
 NOPRIOR SETTING (NOPRIOR):                 0
 NOCOV SETTING (NOCOV):                     OFF
 DERCONT SETTING (DERCONT):                 OFF
 FINAL ETA RE-EVALUATION (FNLETA):          1
 EXCLUDE NON-INFLUENTIAL (NON-INFL.) ETAS
       IN SHRINKAGE (ETASTYPE):             NO
 NON-INFL. ETA CORRECTION (NONINFETA):      0
 RAW OUTPUT FILE (FILE): psn.ext
 EXCLUDE TITLE (NOTITLE):                   NO
 EXCLUDE COLUMN LABELS (NOLABEL):           NO
 FORMAT FOR ADDITIONAL FILES (FORMAT):      S1PE12.5
 PARAMETER ORDER FOR OUTPUTS (ORDER):       TSOL
 KNUTHSUMOFF:                               0
 INCLUDE LNTWOPI:                           NO
 INCLUDE CONSTANT TERM TO PRIOR (PRIORC):   NO
 INCLUDE CONSTANT TERM TO OMEGA (ETA) (OLNTWOPI):NO
 ADDITIONAL CONVERGENCE TEST (CTYPE=4)?:    NO
 EM OR BAYESIAN METHOD USED:                 NONE

 TOLERANCES FOR ESTIMATION/EVALUATION STEP:
 NRD (RELATIVE) VALUE(S) OF TOLERANCE:   9
 ANRD (ABSOLUTE) VALUE(S) OF TOLERANCE:  12
 TOLERANCES FOR COVARIANCE STEP:
 NRD (RELATIVE) VALUE(S) OF TOLERANCE:   9
 ANRD (ABSOLUTE) VALUE(S) OF TOLERANCE:  12

 THE FOLLOWING LABELS ARE EQUIVALENT
 PRED=PREDI
 RES=RESI
 WRES=WRESI
 IWRS=IWRESI
 IPRD=IPREDI
 IRS=IRESI

 MONITORING OF SEARCH:


0ITERATION NO.:    0    OBJECTIVE VALUE:  -7436.94407276851        NO. OF FUNC. EVALS.:  10
 CUMULATIVE NO. OF FUNC. EVALS.:       10
 NPARAMETR:  1.5892E+00  8.3146E+00  5.6089E+01  4.3981E+01  2.0587E+01  4.1363E-02  8.4014E-01  9.9116E-02  2.7993E-01  4.6373E-02

 PARAMETER:  1.0000E-01  1.0000E-01  1.0000E-01  1.0000E-01  1.0000E-01  1.0000E-01  1.0000E-01  1.0000E-01  1.0000E-01  1.0000E-01

 GRADIENT:  -1.6514E+02 -2.5467E+01 -2.1165E+00 -1.1286E+01 -1.5701E+01 -1.6047E+00 -1.8199E+01  8.7548E+00  8.0797E+00  1.1463E+01


0ITERATION NO.:    5    OBJECTIVE VALUE:  -7438.75759621473        NO. OF FUNC. EVALS.:  61
 CUMULATIVE NO. OF FUNC. EVALS.:       71
 NPARAMETR:  1.7182E+00  8.8994E+00  5.6546E+01  4.5659E+01  2.2371E+01  4.3231E-02  8.6380E-01  8.8053E-02  2.5305E-01  4.5300E-02

 PARAMETER:  1.0811E-01  1.6797E-01  1.0811E-01  1.3744E-01  1.8310E-01  1.4416E-01  1.2777E-01  4.0825E-02  4.9529E-02  8.8300E-02

 GRADIENT:   1.7430E+02  1.6482E+01  3.0794E+00  9.2003E+00  9.0282E+00  2.9148E+01 -3.8542E+01  3.2526E+00  9.8878E-01 -3.5713E+01


0ITERATION NO.:   10    OBJECTIVE VALUE:  -7439.53879741531        NO. OF FUNC. EVALS.: 102
 CUMULATIVE NO. OF FUNC. EVALS.:      173
 NPARAMETR:  1.6495E+00  8.6569E+00  5.6248E+01  4.5066E+01  2.1761E+01  4.3014E-02  8.6318E-01  8.2717E-02  2.3366E-01  4.6191E-02

 PARAMETER:  1.0379E-01  1.4034E-01  1.0283E-01  1.2437E-01  1.5547E-01  1.3912E-01  1.2705E-01  9.5653E-03  9.6564E-03  9.8029E-02

 GRADIENT:  -5.9318E+00 -2.4674E+00 -8.8069E-01  3.1697E-01 -2.1780E-02  1.0267E+00  4.6815E+00 -3.2258E-01 -3.0701E+00  3.4065E+00


0ITERATION NO.:   15    OBJECTIVE VALUE:  -7439.57351855373        NO. OF FUNC. EVALS.:  59
 CUMULATIVE NO. OF FUNC. EVALS.:      232
 NPARAMETR:  1.6516E+00  8.6912E+00  5.6214E+01  4.5044E+01  2.1727E+01  4.2753E-02  8.5986E-01  8.3028E-02  2.3432E-01  4.6139E-02

 PARAMETER:  1.0392E-01  1.4429E-01  1.0223E-01  1.2387E-01  1.5391E-01  1.3305E-01  1.2320E-01  1.1441E-02  1.1081E-02  9.7468E-02

 GRADIENT:  -3.8442E+00  5.0468E-01 -2.3061E-01  8.4291E-02 -1.2328E-01  4.8045E-01  1.0889E+00 -7.6943E-02 -2.8867E+00  9.0516E-01


0ITERATION NO.:   20    OBJECTIVE VALUE:  -7439.58920710682        NO. OF FUNC. EVALS.: 115
 CUMULATIVE NO. OF FUNC. EVALS.:      347
 NPARAMETR:  1.6628E+00  8.7368E+00  5.6353E+01  4.5090E+01  2.1702E+01  4.2744E-02  8.5997E-01  8.3024E-02  2.3460E-01  4.6146E-02

 PARAMETER:  1.0463E-01  1.4952E-01  1.0469E-01  1.2489E-01  1.5274E-01  1.3283E-01  1.2333E-01  1.1417E-02  1.1672E-02  9.7543E-02

 GRADIENT:   5.0002E+00  2.8751E-01 -1.6205E-01  6.0902E-01 -5.1523E-01 -7.1901E-01  1.3708E+00 -7.7164E-02 -2.8205E+00  6.8874E-01


0ITERATION NO.:   25    OBJECTIVE VALUE:  -7439.62130061024        NO. OF FUNC. EVALS.: 138
 CUMULATIVE NO. OF FUNC. EVALS.:      485
 NPARAMETR:  1.6602E+00  8.7299E+00  5.6327E+01  4.5061E+01  2.1723E+01  4.2614E-02  8.5824E-01  8.3183E-02  2.4688E-01  4.6134E-02

 PARAMETER:  1.0447E-01  1.4874E-01  1.0424E-01  1.2426E-01  1.5372E-01  1.2979E-01  1.2131E-01  1.2378E-02  3.7184E-02  9.7412E-02

 GRADIENT:  -3.3240E+00 -2.0197E-01 -5.2755E-02 -5.4988E-02 -4.3927E-01 -6.4793E-01 -8.9002E-01 -8.3941E-03  2.3018E-01  3.1631E-01


0ITERATION NO.:   30    OBJECTIVE VALUE:  -7439.62234741443        NO. OF FUNC. EVALS.: 145
 CUMULATIVE NO. OF FUNC. EVALS.:      630
 NPARAMETR:  1.6613E+00  8.7328E+00  5.6315E+01  4.5073E+01  2.1755E+01  4.2641E-02  8.5845E-01  8.3214E-02  2.4608E-01  4.6126E-02

 PARAMETER:  1.0454E-01  1.4907E-01  1.0402E-01  1.2452E-01  1.5521E-01  1.3041E-01  1.2156E-01  1.2565E-02  3.5549E-02  9.7332E-02

 GRADIENT:  -1.8463E-01  1.0743E-01  2.9730E-02  2.9416E-02  7.2369E-02  5.8211E-01 -2.5623E+00  2.2521E-02  9.8164E-03 -9.7665E-02


0ITERATION NO.:   35    OBJECTIVE VALUE:  -7439.62350313793        NO. OF FUNC. EVALS.: 138
 CUMULATIVE NO. OF FUNC. EVALS.:      768             RESET HESSIAN, TYPE I
 NPARAMETR:  1.6609E+00  8.7310E+00  5.6350E+01  4.5070E+01  2.1750E+01  4.2706E-02  8.5949E-01  8.3164E-02  2.4622E-01  4.6128E-02

 PARAMETER:  1.0451E-01  1.4886E-01  1.0464E-01  1.2444E-01  1.5496E-01  1.3194E-01  1.2277E-01  1.2263E-02  3.5840E-02  9.7357E-02

 GRADIENT:   1.9503E+01  3.5384E+00  4.8905E-01  4.4531E-02 -2.8294E-02 -1.5529E-01  1.6574E+00 -1.1353E-02  5.8560E-02  3.9803E-01


0ITERATION NO.:   40    OBJECTIVE VALUE:  -7439.62360129935        NO. OF FUNC. EVALS.: 134
 CUMULATIVE NO. OF FUNC. EVALS.:      902
 NPARAMETR:  1.6612E+00  8.7312E+00  5.6335E+01  4.5075E+01  2.1756E+01  4.2712E-02  8.5948E-01  8.3162E-02  2.4602E-01  4.6125E-02

 PARAMETER:  1.0453E-01  1.4889E-01  1.0437E-01  1.2456E-01  1.5522E-01  1.3208E-01  1.2276E-01  1.2250E-02  3.5427E-02  9.7317E-02

 GRADIENT:  -2.7483E-01 -3.3298E-02  2.8884E-02  2.1391E-03  7.5118E-03  3.2570E-02 -3.9252E-01 -9.8544E-03  4.5259E-03  1.1800E-02


0ITERATION NO.:   45    OBJECTIVE VALUE:  -7439.62361651398        NO. OF FUNC. EVALS.: 134
 CUMULATIVE NO. OF FUNC. EVALS.:     1036
 NPARAMETR:  1.6613E+00  8.7316E+00  5.6328E+01  4.5075E+01  2.1755E+01  4.2713E-02  8.5953E-01  8.3191E-02  2.4604E-01  4.6125E-02

 PARAMETER:  1.0453E-01  1.4893E-01  1.0425E-01  1.2457E-01  1.5521E-01  1.3212E-01  1.2282E-01  1.2427E-02  3.5485E-02  9.7314E-02

 GRADIENT:   1.2849E-02 -2.6786E-03 -2.2286E-02 -1.1759E-02 -8.5710E-03 -1.7640E-01 -1.8737E-03  1.1805E-02  9.5096E-03  2.4267E-02


0ITERATION NO.:   47    OBJECTIVE VALUE:  -7439.62361901884        NO. OF FUNC. EVALS.:  41
 CUMULATIVE NO. OF FUNC. EVALS.:     1077
 NPARAMETR:  1.6612E+00  8.7315E+00  5.6334E+01  4.5076E+01  2.1756E+01  4.2714E-02  8.5953E-01  8.3186E-02  2.4603E-01  4.6124E-02

 PARAMETER:  1.0453E-01  1.4892E-01  1.0436E-01  1.2457E-01  1.5522E-01  1.3213E-01  1.2282E-01  1.2395E-02  3.5463E-02  9.7311E-02

 GRADIENT:  -2.5676E-01 -1.7120E-01  1.8930E-02  2.5242E-02 -1.7653E-03 -1.5106E-01 -6.7589E-02  1.0114E-02  8.7364E-03  1.3397E-02


 #TERM:
0MINIMIZATION SUCCESSFUL
 HOWEVER, PROBLEMS OCCURRED WITH THE MINIMIZATION.
 REGARD THE RESULTS OF THE ESTIMATION STEP CAREFULLY, AND ACCEPT THEM ONLY
 AFTER CHECKING THAT THE COVARIANCE STEP PRODUCES REASONABLE OUTPUT.
 NO. OF FUNCTION EVALUATIONS USED:     1077
 NO. OF SIG. DIGITS IN FINAL EST.:  3.1

 ETABAR IS THE ARITHMETIC MEAN OF THE ETA-ESTIMATES,
 AND THE P-VALUE IS GIVEN FOR THE NULL HYPOTHESIS THAT THE TRUE MEAN IS 0.

 ETABAR:         1.3336E-03  3.1231E-04
 SE:             4.9635E-02  8.3843E-02
 N:                      33          33

 P VAL.:         9.7857E-01  9.9703E-01

 ETASHRINKSD(%)  1.1400E+00  2.8978E+00
 ETASHRINKVR(%)  2.2671E+00  5.7117E+00
 EBVSHRINKSD(%)  1.0889E+00  2.5315E+00
 EBVSHRINKVR(%)  2.1659E+00  4.9990E+00
 RELATIVEINF(%)  9.7823E+01  9.4990E+01
 EPSSHRINKSD(%)  2.8736E+00
 EPSSHRINKVR(%)  5.6646E+00

  
 TOTAL DATA POINTS NORMALLY DISTRIBUTED (N):          992
 N*LOG(2PI) CONSTANT TO OBJECTIVE FUNCTION:    1823.1740498780705     
 OBJECTIVE FUNCTION VALUE WITHOUT CONSTANT:   -7439.6236190188420     
 OBJECTIVE FUNCTION VALUE WITH CONSTANT:      -5616.4495691407719     
 REPORTED OBJECTIVE FUNCTION DOES NOT CONTAIN CONSTANT
  
 TOTAL EFFECTIVE ETAS (NIND*NETA):                            66
  
 #TERE:
 Elapsed estimation  time in seconds:  1567.75
 Elapsed postprocess time in seconds:     0.00
1
 
 
 
 
 
 
 
 
 
 
 
 
 
 
 
 
 
 
 
 
 ************************************************************************************************************************
 ********************                                                                                ********************
 ********************               FIRST ORDER CONDITIONAL ESTIMATION WITH INTERACTION              ********************
 #OBJT:**************                       MINIMUM VALUE OF OBJECTIVE FUNCTION                      ********************
 ********************                                                                                ********************
 ************************************************************************************************************************
 





 #OBJV:********************************************         -7439.624       *********************************************
1
 ************************************************************************************************************************
 ********************                                                                                ********************
 ********************               FIRST ORDER CONDITIONAL ESTIMATION WITH INTERACTION              ********************
 ********************                             FINAL PARAMETER ESTIMATE                           ********************
 ********************                                                                                ********************
 ************************************************************************************************************************
 


 THETA - VECTOR OF FIXED EFFECTS PARAMETERS   *********


         TH 1      TH 2      TH 3      TH 4      TH 5      TH 6      TH 7     
 
         1.66E+00  8.73E+00  5.63E+01  4.51E+01  2.18E+01  4.27E-02  8.60E-01
 


 OMEGA - COV MATRIX FOR RANDOM EFFECTS - ETAS  ********


         ETA1      ETA2     
 
 ETA1
+        8.32E-02
 
 ETA2
+        0.00E+00  2.46E-01
 


 SIGMA - COV MATRIX FOR RANDOM EFFECTS - EPSILONS  ****


         EPS1     
 
 EPS1
+        4.61E-02
 
1


 OMEGA - CORR MATRIX FOR RANDOM EFFECTS - ETAS  *******


         ETA1      ETA2     
 
 ETA1
+        2.88E-01
 
 ETA2
+        0.00E+00  4.96E-01
 


 SIGMA - CORR MATRIX FOR RANDOM EFFECTS - EPSILONS  ***


         EPS1     
 
 EPS1
+        2.15E-01
 
 Elapsed finaloutput time in seconds:     0.00
 #CPUT: Total CPU Time in Seconds,     1400.236
Stop Time:
wo 03 dec 2025 07:45:02 CET
