vr 28 nov 2025 14:21:20 CET
;; 1. Based on: run00
;; 2. Description: CeftriaxPro Base Model - One Compartment
;; x1. TEAM2
;; 2025-11-24
$PROBLEM    CeftriaxPro Base Model Development
$INPUT      ID TIME DOSE=AMT RATE CONC=DV CONC_ID BW SEX ALB SCR eGFR
            AGE ETHNI PR DVID CMT MDV EVID
$DATA      dataset.csv IGNORE=@ IGNORE=(CONC_ID.EQ.1)
 ;; ignores rows showing total plasma concentration
$SUBROUTINE ADVAN1 ;; 1-compartment model
            TRANS2 ;; CL,V
$PK
TVCL = THETA(1)
  CL = TVCL * EXP(ETA(1))
 TVV = THETA(2)
   V = TVV * EXP(ETA(2))
   K = CL/V
  S2 = V/1                ;; scale prediction based on DOSE (mmol) and DV (mmol/L)

$THETA  (0,7) ; ; based on phase 1 trial
 (0,70) ; _; based on phase 1 trial
; explore dataset & literature, SAME order as PK
$OMEGA  0.05  ;         __  ; not yet known, outcome picked for next models, put a relatively small number
 0.05  ;        ___  ; not yet known, outcome picked for next models
 ;; variance covariance matrix for interindividual variability
$SIGMA  0.1  ;       ____  ; EPS(1) for proportional error, not yet known, outcome picked for next models
;; variance covariance matrix for residual error
$ERROR
IPRED = F
Y = IPRED + IPRED*ERR(1)
W = SQRT((IPRED*SQRT(SIGMA(1,1)))**2)
IRES  = CONC - IPRED
IWRES = IRES / W

$ESTIMATION METHOD=1 INTERACTION ;; FOCE-I
            MAXEVAL=9999 SIG=3 PRINT=5
;;$COV PRINT=E;; second derivatives using -2log(likelihood), blank means sandwich method
$COVARIANCE UNCONDITIONAL MATRIX=S
 ;; output table for standard outcomes
$TABLE      ID TIME DV EVID PRED IPRED WRES RES CWRES NOPRINT
            ONEHEADER FILE=run00_sdtab
 ;; output table for PK parameters
$TABLE      ID CL V K NOPRINT NOAPPEND ONEHEADER FILE=run00_patab
 ;; output table for categorical covariates
$TABLE      ID SEX ETHNI NOPRINT NOAPPEND ONEHEADER FILE=run00_catab
 ;; output table for continuous covariates
$TABLE      ID BW ALB SCR eGFR AGE NOPRINT NOAPPEND ONEHEADER
            FILE=run00_cotab


NM-TRAN MESSAGES
  
 WARNINGS AND ERRORS (IF ANY) FOR PROBLEM    1
             
 (WARNING  2) NM-TRAN INFERS THAT THE DATA ARE POPULATION.
             
 (WARNING  79) SIGMA IS USED ON THE RIGHT. WITH A SUBSEQUENT RUN, IF AN
 INITIAL ESTIMATE OF A DIAGONAL BLOCK OF SIGMA IS TO BE COMPUTED BY
 NONMEM, THAT BLOCK WILL BE SET TO AN IDENTITY MATRIX DURING THAT
 COMPUTATION. THIS COULD LEAD TO AN ARITHMETIC EXCEPTION.*

 * THE MAXIMUM NUMBER OF WARNINGS OF ONE OR MORE TYPES WAS REACHED.
 IT IS POSSIBLE THAT SOME WARNING MESSAGES WERE SUPPRESSED.
  
Note: Analytical 2nd Derivatives are constructed in FSUBS but are never used.
      You may insert $ABBR DERIV2=NO after the first $PROB to save FSUBS construction and compilation time
  

License Registered to: Erwin DREESEN KU Leuven
Expiration Date:    25 JAN 2026
Current Date:       28 NOV 2025
Days until program expires :  62
1NONLINEAR MIXED EFFECTS MODEL PROGRAM (NONMEM) VERSION 7.6.0 (nm760)
 ORIGINALLY DEVELOPED BY STUART BEAL, LEWIS SHEINER, AND ALISON BOECKMANN
 CURRENT DEVELOPERS ARE ROBERT BAUER, ICON DEVELOPMENT SOLUTIONS,
 AND ALISON BOECKMANN. IMPLEMENTATION, EFFICIENCY, AND STANDARDIZATION
 PERFORMED BY NOUS INFOSYSTEMS.

 PROBLEM NO.:         1
 CeftriaxPro Base Model Development
0DATA CHECKOUT RUN:              NO
 DATA SET LOCATED ON UNIT NO.:    2
 THIS UNIT TO BE REWOUND:        NO
 CREATE/ADD TO FDATA.csv:        YES
 NO. OF DATA RECS IN DATA SET:     1023
 NO. OF DATA ITEMS IN DATA SET:  18
 ID DATA ITEM IS DATA ITEM NO.:   1
 DEP VARIABLE IS DATA ITEM NO.:   5
 MDV DATA ITEM IS DATA ITEM NO.: 17
0INDICES PASSED TO SUBROUTINE PRED:
  18   2   3   4   0   0  16   0   0   0   0
0LABELS FOR DATA ITEMS:
 ID TIME DOSE RATE CONC CONC_ID BW SEX ALB SCR eGFR AGE ETHNI PR DVID CMT MDV EVID
0(NONBLANK) LABELS FOR PRED-DEFINED ITEMS:
 CL V K IPRED
0FORMAT FOR DATA:
 (E2.0,E7.0,E8.0,E16.0,E20.0,E1.0,E16.0,E1.0/2E17.0,E16.0,7E2.0)

 TOT. NO. OF OBS RECS:      496
 TOT. NO. OF INDIVIDUALS:       33
0LENGTH OF THETA:   2
0DEFAULT THETA BOUNDARY TEST OMITTED:    NO
0OMEGA HAS SIMPLE DIAGONAL FORM WITH DIMENSION:   2
0DEFAULT OMEGA BOUNDARY TEST OMITTED:    NO
0SIGMA HAS SIMPLE DIAGONAL FORM WITH DIMENSION:   1
0DEFAULT SIGMA BOUNDARY TEST OMITTED:    NO
0INITIAL ESTIMATE OF THETA:
 LOWER BOUND    INITIAL EST    UPPER BOUND
  0.0000E+00     0.7000E+01     0.1000E+07
  0.0000E+00     0.7000E+02     0.1000E+07
0INITIAL ESTIMATE OF OMEGA:
 0.5000E-01
 0.0000E+00   0.5000E-01
0INITIAL ESTIMATE OF SIGMA:
 0.1000E+00
0COVARIANCE STEP OMITTED:        NO
 R MATRIX SUBSTITUTED:           NO
 S MATRIX SUBSTITUTED:          YES
 EIGENVLS. PRINTED:              NO
 SPECIAL COMPUTATION:            NO
 COMPRESSED FORMAT:              NO
 GRADIENT METHOD USED:     NOSLOW
 SIGDIGITS ETAHAT (SIGLO):                  -1
 SIGDIGITS GRADIENTS (SIGL):                -1
 EXCLUDE COV FOR FOCE (NOFCOV):              NO
 Cholesky Transposition of R Matrix (CHOLROFF):0
 KNUTHSUMOFF:                                -1
 RESUME COV ANALYSIS (RESUME):               NO
 SIR SAMPLE SIZE (SIRSAMPLE):
 NON-LINEARLY TRANSFORM THETAS DURING COV (THBND): 1
 PRECONDTIONING CYCLES (PRECOND):        0
 PRECONDTIONING TYPES (PRECONDS):        TOS
 FORCED PRECONDTIONING CYCLES (PFCOND):0
 PRECONDTIONING TYPE (PRETYPE):        0
 FORCED POS. DEFINITE SETTING DURING PRECONDITIONING: (FPOSDEF):0
 SIMPLE POS. DEFINITE SETTING: (POSDEF):-1
0TABLES STEP OMITTED:    NO
 NO. OF TABLES:           4
 SEED NUMBER (SEED):    11456
 NPDTYPE:    0
 INTERPTYPE:    0
 RANMETHOD:             3U
 MC SAMPLES (ESAMPLE):    300
 WRES SQUARE ROOT TYPE (WRESCHOL): EIGENVALUE
0-- TABLE   1 --
0RECORDS ONLY:    ALL
04 COLUMNS APPENDED:    YES
 PRINTED:                NO
 HEADERS:               ONE
 FILE TO BE FORWARDED:   NO
 FORMAT:                S1PE11.4
 IDFORMAT:
 LFORMAT:
 RFORMAT:
 FIXED_EFFECT_ETAS:
0USER-CHOSEN ITEMS:
 ID TIME CONC EVID IPRED CWRES
0-- TABLE   2 --
0RECORDS ONLY:    ALL
04 COLUMNS APPENDED:    NO
 PRINTED:                NO
 HEADERS:               ONE
 FILE TO BE FORWARDED:   NO
 FORMAT:                S1PE11.4
 IDFORMAT:
 LFORMAT:
 RFORMAT:
 FIXED_EFFECT_ETAS:
0USER-CHOSEN ITEMS:
 ID CL V K
0-- TABLE   3 --
0RECORDS ONLY:    ALL
04 COLUMNS APPENDED:    NO
 PRINTED:                NO
 HEADERS:               ONE
 FILE TO BE FORWARDED:   NO
 FORMAT:                S1PE11.4
 IDFORMAT:
 LFORMAT:
 RFORMAT:
 FIXED_EFFECT_ETAS:
0USER-CHOSEN ITEMS:
 ID SEX ETHNI
0-- TABLE   4 --
0RECORDS ONLY:    ALL
04 COLUMNS APPENDED:    NO
 PRINTED:                NO
 HEADERS:               ONE
 FILE TO BE FORWARDED:   NO
 FORMAT:                S1PE11.4
 IDFORMAT:
 LFORMAT:
 RFORMAT:
 FIXED_EFFECT_ETAS:
0USER-CHOSEN ITEMS:
 ID BW ALB SCR eGFR AGE
1DOUBLE PRECISION PREDPP VERSION 7.6.0 (nm760)

 ONE COMPARTMENT MODEL (ADVAN1)
0MAXIMUM NO. OF BASIC PK PARAMETERS:   2
0BASIC PK PARAMETERS (AFTER TRANSLATION):
   ELIMINATION RATE (K) IS BASIC PK PARAMETER NO.:  1

 TRANSLATOR WILL CONVERT PARAMETERS
 CLEARANCE (CL) AND VOLUME (V) TO K (TRANS2)
0COMPARTMENT ATTRIBUTES
 COMPT. NO.   FUNCTION   INITIAL    ON/OFF      DOSE      DEFAULT    DEFAULT
                         STATUS     ALLOWED    ALLOWED    FOR DOSE   FOR OBS.
    1         CENTRAL      ON         NO         YES        YES        YES
    2         OUTPUT       OFF        YES        NO         NO         NO
1
 ADDITIONAL PK PARAMETERS - ASSIGNMENT OF ROWS IN GG
 COMPT. NO.                             INDICES
              SCALE      BIOAVAIL.   ZERO-ORDER  ZERO-ORDER  ABSORB
                         FRACTION    RATE        DURATION    LAG
    1            *           *           *           *           *
    2            3           -           -           -           -
             - PARAMETER IS NOT ALLOWED FOR THIS MODEL
             * PARAMETER IS NOT SUPPLIED BY PK SUBROUTINE;
               WILL DEFAULT TO ONE IF APPLICABLE
0DATA ITEM INDICES USED BY PRED ARE:
   EVENT ID DATA ITEM IS DATA ITEM NO.:     18
   TIME DATA ITEM IS DATA ITEM NO.:          2
   DOSE AMOUNT DATA ITEM IS DATA ITEM NO.:   3
   DOSE RATE DATA ITEM IS DATA ITEM NO.:     4
   COMPT. NO. DATA ITEM IS DATA ITEM NO.:   16

0PK SUBROUTINE CALLED WITH EVERY EVENT RECORD.
 PK SUBROUTINE NOT CALLED AT NONEVENT (ADDITIONAL OR LAGGED) DOSE TIMES.
0ERROR SUBROUTINE CALLED WITH EVERY EVENT RECORD.
1


 #TBLN:      1
 #METH: First Order Conditional Estimation with Interaction

 ESTIMATION STEP OMITTED:                 NO
 SHRINK INFO WITH EVALUATION (EVALSHRINK) NO
 ANALYSIS TYPE:                           POPULATION
 NUMBER OF SADDLE POINT RESET ITERATIONS:      0
 GRADIENT METHOD USED:               NOSLOW
 CONDITIONAL ESTIMATES USED:              YES
 CENTERED ETA:                            NO
 EPS-ETA INTERACTION:                     YES
 LAPLACIAN OBJ. FUNC.:                    NO
 NO. OF FUNCT. EVALS. ALLOWED:            9999
 NO. OF SIG. FIGURES REQUIRED:            3
 INTERMEDIATE PRINTOUT:                   YES
 ESTIMATE OUTPUT TO MSF:                  NO
 IND. OBJ. FUNC. VALUES SORTED:           NO
 NUMERICAL DERIVATIVE
       FILE REQUEST (NUMDER):               NONE
 MAP (ETAHAT) ESTIMATION METHOD (OPTMAP):   0
 ETA HESSIAN EVALUATION METHOD (ETADER):    0
 INITIAL ETA FOR MAP ESTIMATION (MCETA):    0
 SIGDIGITS FOR MAP ESTIMATION (SIGLO):      100
 GRADIENT SIGDIGITS OF
       FIXED EFFECTS PARAMETERS (SIGL):     100
 NOPRIOR SETTING (NOPRIOR):                 0
 NOCOV SETTING (NOCOV):                     OFF
 DERCONT SETTING (DERCONT):                 OFF
 FINAL ETA RE-EVALUATION (FNLETA):          1
 EXCLUDE NON-INFLUENTIAL (NON-INFL.) ETAS
       IN SHRINKAGE (ETASTYPE):             NO
 NON-INFL. ETA CORRECTION (NONINFETA):      0
 RAW OUTPUT FILE (FILE): psn.ext
 EXCLUDE TITLE (NOTITLE):                   NO
 EXCLUDE COLUMN LABELS (NOLABEL):           NO
 FORMAT FOR ADDITIONAL FILES (FORMAT):      S1PE12.5
 PARAMETER ORDER FOR OUTPUTS (ORDER):       TSOL
 KNUTHSUMOFF:                               0
 INCLUDE LNTWOPI:                           NO
 INCLUDE CONSTANT TERM TO PRIOR (PRIORC):   NO
 INCLUDE CONSTANT TERM TO OMEGA (ETA) (OLNTWOPI):NO
 ADDITIONAL CONVERGENCE TEST (CTYPE=4)?:    NO
 EM OR BAYESIAN METHOD USED:                 NONE


 THE FOLLOWING LABELS ARE EQUIVALENT
 PRED=PREDI
 RES=RESI
 WRES=WRESI
 IWRS=IWRESI
 IPRD=IPREDI
 IRS=IRESI

 MONITORING OF SEARCH:


0ITERATION NO.:    0    OBJECTIVE VALUE:   2000.04568685618        NO. OF FUNC. EVALS.:   5
 CUMULATIVE NO. OF FUNC. EVALS.:        5
 NPARAMETR:  7.0000E+00  7.0000E+01  5.0000E-02  5.0000E-02  1.0000E-01
 PARAMETER:  1.0000E-01  1.0000E-01  1.0000E-01  1.0000E-01  1.0000E-01
 GRADIENT:  -6.6258E+02  6.7433E+02 -3.1066E+02 -3.1066E+02 -6.3644E+03

0ITERATION NO.:    5    OBJECTIVE VALUE:  -618.445985893609        NO. OF FUNC. EVALS.:  40
 CUMULATIVE NO. OF FUNC. EVALS.:       45
 NPARAMETR:  1.1891E+01  3.5449E+01  4.6942E-02  4.6942E-02  7.2986E-01
 PARAMETER:  6.2987E-01 -5.8039E-01  6.8449E-02  6.8449E-02  1.0938E+00
 GRADIENT:   9.1297E+01 -9.1286E+01  2.1933E+01  2.1933E+01 -1.7862E+02

0ITERATION NO.:   10    OBJECTIVE VALUE:  -668.123872535774        NO. OF FUNC. EVALS.:  51
 CUMULATIVE NO. OF FUNC. EVALS.:       96
 NPARAMETR:  1.3953E+02  4.6801E+02  5.4922E-03  5.7596E-03  8.8795E-01
 PARAMETER:  3.0923E+00  2.0000E+00 -1.0043E+00 -9.8058E-01  1.1919E+00
 GRADIENT:   2.3150E+01 -2.2220E+01 -2.8296E+00 -2.9674E+00 -7.9239E+00

0ITERATION NO.:   15    OBJECTIVE VALUE:  -668.314617399596        NO. OF FUNC. EVALS.:  52
 CUMULATIVE NO. OF FUNC. EVALS.:      148
 NPARAMETR:  2.3158E+01  7.7893E+01  6.6296E-03  6.0160E-03  8.9612E-01
 PARAMETER:  1.2964E+00  2.0684E-01 -9.1024E-01 -9.5880E-01  1.1964E+00
 GRADIENT:   4.5656E+00 -4.2929E+00  4.5788E-01  4.1550E-01  1.3112E+00

0ITERATION NO.:   20    OBJECTIVE VALUE:  -668.320959203266        NO. OF FUNC. EVALS.:  48
 CUMULATIVE NO. OF FUNC. EVALS.:      196
 NPARAMETR:  1.0916E+01  3.6755E+01  6.7644E-03  5.6804E-03  8.9424E-01
 PARAMETER:  5.4432E-01 -5.4423E-01 -9.0017E-01 -9.8750E-01  1.1954E+00
 GRADIENT:  -2.5706E-02  2.5722E-02 -1.1315E-03 -9.5946E-04  1.6674E-02

 #TERM:
0MINIMIZATION SUCCESSFUL
 NO. OF FUNCTION EVALUATIONS USED:      196
 NO. OF SIG. DIGITS IN FINAL EST.:  3.6

 ETABAR IS THE ARITHMETIC MEAN OF THE ETA-ESTIMATES,
 AND THE P-VALUE IS GIVEN FOR THE NULL HYPOTHESIS THAT THE TRUE MEAN IS 0.

 ETABAR:         5.5330E-04 -4.6463E-04
 SE:             9.8782E-03  8.2952E-03
 N:                      33          33

 P VAL.:         9.5533E-01  9.5533E-01

 ETASHRINKSD(%)  3.1001E+01  3.6771E+01
 ETASHRINKVR(%)  5.2391E+01  6.0021E+01
 EBVSHRINKSD(%)  3.1027E+01  3.6795E+01
 EBVSHRINKVR(%)  5.2427E+01  6.0051E+01
 RELATIVEINF(%)  0.0000E+00  0.0000E+00
 EPSSHRINKSD(%)  8.1065E-01
 EPSSHRINKVR(%)  1.6147E+00

  
 TOTAL DATA POINTS NORMALLY DISTRIBUTED (N):          496
 N*LOG(2PI) CONSTANT TO OBJECTIVE FUNCTION:    911.58702493903525     
 OBJECTIVE FUNCTION VALUE WITHOUT CONSTANT:   -668.32095920326606     
 OBJECTIVE FUNCTION VALUE WITH CONSTANT:       243.26606573576919     
 REPORTED OBJECTIVE FUNCTION DOES NOT CONTAIN CONSTANT
  
 TOTAL EFFECTIVE ETAS (NIND*NETA):                            66
  
 #TERE:
 Elapsed estimation  time in seconds:     1.18
 Elapsed covariance  time in seconds:     0.09
 Elapsed postprocess time in seconds:     0.03
1
 
 
 
 
 
 
 
 
 
 
 
 
 
 
 
 
 
 
 
 
 ************************************************************************************************************************
 ********************                                                                                ********************
 ********************               FIRST ORDER CONDITIONAL ESTIMATION WITH INTERACTION              ********************
 #OBJT:**************                       MINIMUM VALUE OF OBJECTIVE FUNCTION                      ********************
 ********************                                                                                ********************
 ************************************************************************************************************************
 





 #OBJV:********************************************          -668.321       *********************************************
1
 ************************************************************************************************************************
 ********************                                                                                ********************
 ********************               FIRST ORDER CONDITIONAL ESTIMATION WITH INTERACTION              ********************
 ********************                             FINAL PARAMETER ESTIMATE                           ********************
 ********************                                                                                ********************
 ************************************************************************************************************************
 


 THETA - VECTOR OF FIXED EFFECTS PARAMETERS   *********


         TH 1      TH 2     
 
         1.09E+01  3.68E+01
 


 OMEGA - COV MATRIX FOR RANDOM EFFECTS - ETAS  ********


         ETA1      ETA2     
 
 ETA1
+        6.76E-03
 
 ETA2
+        0.00E+00  5.68E-03
 


 SIGMA - COV MATRIX FOR RANDOM EFFECTS - EPSILONS  ****


         EPS1     
 
 EPS1
+        8.94E-01
 
1


 OMEGA - CORR MATRIX FOR RANDOM EFFECTS - ETAS  *******


         ETA1      ETA2     
 
 ETA1
+        8.22E-02
 
 ETA2
+        0.00E+00  7.54E-02
 


 SIGMA - CORR MATRIX FOR RANDOM EFFECTS - EPSILONS  ***


         EPS1     
 
 EPS1
+        9.46E-01
 
1
 ************************************************************************************************************************
 ********************                                                                                ********************
 ********************               FIRST ORDER CONDITIONAL ESTIMATION WITH INTERACTION              ********************
 ********************                            STANDARD ERROR OF ESTIMATE                          ********************
 ********************                                                                                ********************
 ************************************************************************************************************************
 


 THETA - VECTOR OF FIXED EFFECTS PARAMETERS   *********


         TH 1      TH 2     
 
         7.66E+05  2.58E+06
 


 OMEGA - COV MATRIX FOR RANDOM EFFECTS - ETAS  ********


         ETA1      ETA2     
 
 ETA1
+        3.87E+03
 
 ETA2
+       .........  3.87E+03
 


 SIGMA - COV MATRIX FOR RANDOM EFFECTS - EPSILONS  ****


         EPS1     
 
 EPS1
+        6.34E-01
 
1


 OMEGA - CORR MATRIX FOR RANDOM EFFECTS - ETAS  *******


         ETA1      ETA2     
 
 ETA1
+        2.35E+04
 
 ETA2
+       .........  2.57E+04
 


 SIGMA - CORR MATRIX FOR RANDOM EFFECTS - EPSILONS  ***


         EPS1     
 
 EPS1
+        3.35E-01
 
1
 ************************************************************************************************************************
 ********************                                                                                ********************
 ********************               FIRST ORDER CONDITIONAL ESTIMATION WITH INTERACTION              ********************
 ********************                          COVARIANCE MATRIX OF ESTIMATE                         ********************
 ********************                                                                                ********************
 ************************************************************************************************************************
 

            TH 1      TH 2      OM11      OM12      OM22      SG11  
 
 TH 1
+        5.86E+11
 
 TH 2
+        1.97E+12  6.65E+12
 
 OM11
+       -2.57E+08 -8.66E+08  1.50E+07
 
 OM12
+       ......... ......... ......... .........
 
 OM22
+        2.57E+08  8.66E+08 -1.50E+07 .........  1.50E+07
 
 SG11
+       -9.29E+04 -3.13E+05 -3.26E+02 .........  3.26E+02  4.02E-01
 
1
 ************************************************************************************************************************
 ********************                                                                                ********************
 ********************               FIRST ORDER CONDITIONAL ESTIMATION WITH INTERACTION              ********************
 ********************                          CORRELATION MATRIX OF ESTIMATE                        ********************
 ********************                                                                                ********************
 ************************************************************************************************************************
 

            TH 1      TH 2      OM11      OM12      OM22      SG11  
 
 TH 1
+        7.66E+05
 
 TH 2
+        1.00E+00  2.58E+06
 
 OM11
+       -8.69E-02 -8.69E-02  3.87E+03
 
 OM12
+       ......... ......... ......... .........
 
 OM22
+        8.69E-02  8.69E-02 -1.00E+00 .........  3.87E+03
 
 SG11
+       -1.91E-01 -1.91E-01 -1.33E-01 .........  1.33E-01  6.34E-01
 
1
 ************************************************************************************************************************
 ********************                                                                                ********************
 ********************               FIRST ORDER CONDITIONAL ESTIMATION WITH INTERACTION              ********************
 ********************                      INVERSE COVARIANCE MATRIX OF ESTIMATE                     ********************
 ********************                                                                                ********************
 ************************************************************************************************************************
 

            TH 1      TH 2      OM11      OM12      OM22      SG11  
 
 TH 1
+        1.95E+01
 
 TH 2
+       -5.79E+00  1.72E+00
 
 OM11
+        4.66E+01 -1.38E+01  5.63E+04
 
 OM12
+       ......... ......... ......... .........
 
 OM22
+        4.66E+01 -1.38E+01  5.63E+04 .........  5.63E+04
 
 SG11
+       -8.13E+00  2.41E+00 -8.33E+01 ......... -8.33E+01  6.11E+00
 
 Elapsed finaloutput time in seconds:     0.04
 #CPUT: Total CPU Time in Seconds,        1.370
Stop Time:
vr 28 nov 2025 14:21:25 CET
