vr 28 nov 2025 09:56:54 CET
;; 1. Based on: run00
;; 2. Description: CeftriaxPro Base Model - One Compartment
;; x1. TEAM2
;; 2025-11-24
$PROBLEM    CeftriaxPro Base Model Development
$INPUT      ID TIME DOSE=AMT RATE CONC=DV CONC_ID BW SEX ALB SCR eGFR
            AGE ETHNI PR DVID MDV EVID
$DATA      dataset.csv IGNORE=@ IGNORE=(CONC_ID.EQ.1)
 ;; ignores rows showing total plasma concentration
$SUBROUTINE ADVAN1 ;; 1-compartment model
            TRANS2 ;; CL,V
$PK
TVCL = THETA(1)
  CL = TVCL * EXP(ETA(1))
 TVV = THETA(2)
   V = TVV * EXP(ETA(2))
   K = CL/V
  S2 = V/1                ;; scale prediction based on DOSE (mmol) and DV (mmol/L)

$THETA  (0,1.16,3.26) ; ; From Telles et al. (1),max range doubled
 (0,10.04,22.52) ; _; From Telles et al. (1),max range doubled
; explore dataset & literature, SAME order as PK
$OMEGA  0.1  ;         __  ; not yet known, outcome picked for next models
 0.1  ;        ___  ; not yet known, outcome picked for next models
 ;; variance covariance matrix for interindividual variability
$SIGMA  0.1  ;       ____  ; EPS(1) for proportional error, not yet known, outcome picked for next models
;; variance covariance matrix for residual error
$ERROR
IPRED=F
Y=IPRED*(1+EPS(1)) ;; proportional = EPS(1)
W = SQRT((IPRED*SQRT(SIGMA(1,1)))**2)
IRES  = CONC - IPRED
IWRES = IRES / W

$ESTIMATION METHOD=1 INTERACTION ;; FOCE-I
            MAXEVAL=9999 SIG=3 PRINT=5 NOABORT POSTHOC
 ;; second derivatives using -2log(likelihood),blank means sandwich method
$COVARIANCE
 ;; output table for standard outcomes
$TABLE      ID TIME DV EVID PRED IPRED WRES RES CWRES NOPRINT
            ONEHEADER FILE=run00_sdtab
 ;; output table for PK parameters
$TABLE      ID CL V K NOPRINT NOAPPEND ONEHEADER FILE=run00_patab
 ;; output table for categorical covariates
$TABLE      ID SEX ETHNI NOPRINT NOAPPEND ONEHEADER FILE=run00_catab
 ;; output table for continuous covariates
$TABLE      ID BW ALB SCR eGFR AGE NOPRINT NOAPPEND ONEHEADER
            FILE=run00_cotab


NM-TRAN MESSAGES
  
 WARNINGS AND ERRORS (IF ANY) FOR PROBLEM    1
             
 (WARNING  2) NM-TRAN INFERS THAT THE DATA ARE POPULATION.

 (DATA WARNING   5) RECORD         2, DATA ITEM   5, CONTENTS: 0.00262095662582655
 THE DV DATA ITEM IS POSITIVE, BUT THE MDV DATA ITEM IS 1

 (DATA WARNING   5) RECORD         4, DATA ITEM   5, CONTENTS: 0.0328495105936886
 THE DV DATA ITEM IS POSITIVE, BUT THE MDV DATA ITEM IS 1

 (DATA WARNING   5) RECORD         5, DATA ITEM   5, CONTENTS: 0.0439163240386343
 THE DV DATA ITEM IS POSITIVE, BUT THE MDV DATA ITEM IS 1

 (DATA WARNING   5) RECORD         6, DATA ITEM   5, CONTENTS: 0.028352189978581
 THE DV DATA ITEM IS POSITIVE, BUT THE MDV DATA ITEM IS 1

 (DATA WARNING   5) RECORD         7, DATA ITEM   5, CONTENTS: 0.0177079189524595
 THE DV DATA ITEM IS POSITIVE, BUT THE MDV DATA ITEM IS 1

 (DATA WARNING   5) RECORD         8, DATA ITEM   5, CONTENTS: 0.0154381466977758
 THE DV DATA ITEM IS POSITIVE, BUT THE MDV DATA ITEM IS 1

 (DATA WARNING   5) RECORD         9, DATA ITEM   5, CONTENTS: 0.00646040271775925
 THE DV DATA ITEM IS POSITIVE, BUT THE MDV DATA ITEM IS 1

 (DATA WARNING   5) RECORD        10, DATA ITEM   5, CONTENTS: 0.0034264446006449
 THE DV DATA ITEM IS POSITIVE, BUT THE MDV DATA ITEM IS 1

 (DATA WARNING   5) RECORD        15, DATA ITEM   5, CONTENTS: 0.00410176687593739
 THE DV DATA ITEM IS POSITIVE, BUT THE MDV DATA ITEM IS 1

 (DATA WARNING   5) RECORD        17, DATA ITEM   5, CONTENTS: 0.0525473598257286
 THE DV DATA ITEM IS POSITIVE, BUT THE MDV DATA ITEM IS 1

 (DATA WARNING   5) RECORD        18, DATA ITEM   5, CONTENTS: 0.0387065829157067
 THE DV DATA ITEM IS POSITIVE, BUT THE MDV DATA ITEM IS 1

 (DATA WARNING   5) RECORD        19, DATA ITEM   5, CONTENTS: 0.0254051807234774
 THE DV DATA ITEM IS POSITIVE, BUT THE MDV DATA ITEM IS 1

 (DATA WARNING   5) RECORD        20, DATA ITEM   5, CONTENTS: 0.0199738699445427
 THE DV DATA ITEM IS POSITIVE, BUT THE MDV DATA ITEM IS 1

 (DATA WARNING   5) RECORD        21, DATA ITEM   5, CONTENTS: 0.013610142581054
 THE DV DATA ITEM IS POSITIVE, BUT THE MDV DATA ITEM IS 1

 (DATA WARNING   5) RECORD        23, DATA ITEM   5, CONTENTS: 0.00506347838153697
 THE DV DATA ITEM IS POSITIVE, BUT THE MDV DATA ITEM IS 1

 (DATA WARNING   5) RECORD        35, DATA ITEM   5, CONTENTS: 0.0245993468004901
 THE DV DATA ITEM IS POSITIVE, BUT THE MDV DATA ITEM IS 1

 (DATA WARNING   5) RECORD        36, DATA ITEM   5, CONTENTS: 0.032075620600238
 THE DV DATA ITEM IS POSITIVE, BUT THE MDV DATA ITEM IS 1

 (DATA WARNING   5) RECORD        37, DATA ITEM   5, CONTENTS: 0.0208526268545728
 THE DV DATA ITEM IS POSITIVE, BUT THE MDV DATA ITEM IS 1

 (DATA WARNING   5) RECORD        38, DATA ITEM   5, CONTENTS: 0.0144033200601406
 THE DV DATA ITEM IS POSITIVE, BUT THE MDV DATA ITEM IS 1

 (DATA WARNING   5) RECORD        39, DATA ITEM   5, CONTENTS: 0.00680159745432092
 THE DV DATA ITEM IS POSITIVE, BUT THE MDV DATA ITEM IS 1*
             
 (WARNING  79) SIGMA IS USED ON THE RIGHT. WITH A SUBSEQUENT RUN, IF AN
 INITIAL ESTIMATE OF A DIAGONAL BLOCK OF SIGMA IS TO BE COMPUTED BY
 NONMEM, THAT BLOCK WILL BE SET TO AN IDENTITY MATRIX DURING THAT
 COMPUTATION. THIS COULD LEAD TO AN ARITHMETIC EXCEPTION.*

 * THE MAXIMUM NUMBER OF WARNINGS OF ONE OR MORE TYPES WAS REACHED.
 IT IS POSSIBLE THAT SOME WARNING MESSAGES WERE SUPPRESSED.
  
Note: Analytical 2nd Derivatives are constructed in FSUBS but are never used.
      You may insert $ABBR DERIV2=NO after the first $PROB to save FSUBS construction and compilation time
  

License Registered to: Erwin DREESEN KU Leuven
Expiration Date:    25 JAN 2026
Current Date:       28 NOV 2025
Days until program expires :  62
1NONLINEAR MIXED EFFECTS MODEL PROGRAM (NONMEM) VERSION 7.6.0 (nm760)
 ORIGINALLY DEVELOPED BY STUART BEAL, LEWIS SHEINER, AND ALISON BOECKMANN
 CURRENT DEVELOPERS ARE ROBERT BAUER, ICON DEVELOPMENT SOLUTIONS,
 AND ALISON BOECKMANN. IMPLEMENTATION, EFFICIENCY, AND STANDARDIZATION
 PERFORMED BY NOUS INFOSYSTEMS.

 PROBLEM NO.:         1
 CeftriaxPro Base Model Development
0DATA CHECKOUT RUN:              NO
 DATA SET LOCATED ON UNIT NO.:    2
 THIS UNIT TO BE REWOUND:        NO
 CREATE/ADD TO FDATA.csv:        YES
 NO. OF DATA RECS IN DATA SET:     1023
 NO. OF DATA ITEMS IN DATA SET:  17
 ID DATA ITEM IS DATA ITEM NO.:   1
 DEP VARIABLE IS DATA ITEM NO.:   5
 MDV DATA ITEM IS DATA ITEM NO.: 16
0INDICES PASSED TO SUBROUTINE PRED:
  17   2   3   4   0   0   0   0   0   0   0
0LABELS FOR DATA ITEMS:
 ID TIME DOSE RATE CONC CONC_ID BW SEX ALB SCR eGFR AGE ETHNI PR DVID MDV EVID
0(NONBLANK) LABELS FOR PRED-DEFINED ITEMS:
 CL V K IPRED
0FORMAT FOR DATA:
 (E2.0,E7.0,E8.0,E16.0,E20.0,E1.0,E16.0,E1.0/2E17.0,E16.0,6E2.0)

 TOT. NO. OF OBS RECS:        0
 TOT. NO. OF INDIVIDUALS:       33
0LENGTH OF THETA:   2
0DEFAULT THETA BOUNDARY TEST OMITTED:    NO
0OMEGA HAS SIMPLE DIAGONAL FORM WITH DIMENSION:   2
0DEFAULT OMEGA BOUNDARY TEST OMITTED:    NO
0SIGMA HAS SIMPLE DIAGONAL FORM WITH DIMENSION:   1
0DEFAULT SIGMA BOUNDARY TEST OMITTED:    NO
0INITIAL ESTIMATE OF THETA:
 LOWER BOUND    INITIAL EST    UPPER BOUND
  0.0000E+00     0.1160E+01     0.3260E+01
  0.0000E+00     0.1004E+02     0.2252E+02
0INITIAL ESTIMATE OF OMEGA:
 0.1000E+00
 0.0000E+00   0.1000E+00
0INITIAL ESTIMATE OF SIGMA:
 0.1000E+00
0COVARIANCE STEP OMITTED:        NO
 EIGENVLS. PRINTED:              NO
 SPECIAL COMPUTATION:            NO
 COMPRESSED FORMAT:              NO
 GRADIENT METHOD USED:     NOSLOW
 SIGDIGITS ETAHAT (SIGLO):                  -1
 SIGDIGITS GRADIENTS (SIGL):                -1
 EXCLUDE COV FOR FOCE (NOFCOV):              NO
 Cholesky Transposition of R Matrix (CHOLROFF):0
 KNUTHSUMOFF:                                -1
 RESUME COV ANALYSIS (RESUME):               NO
 SIR SAMPLE SIZE (SIRSAMPLE):
 NON-LINEARLY TRANSFORM THETAS DURING COV (THBND): 1
 PRECONDTIONING CYCLES (PRECOND):        0
 PRECONDTIONING TYPES (PRECONDS):        TOS
 FORCED PRECONDTIONING CYCLES (PFCOND):0
 PRECONDTIONING TYPE (PRETYPE):        0
 FORCED POS. DEFINITE SETTING DURING PRECONDITIONING: (FPOSDEF):0
 SIMPLE POS. DEFINITE SETTING: (POSDEF):-1
0TABLES STEP OMITTED:    NO
 NO. OF TABLES:           4
 SEED NUMBER (SEED):    11456
 NPDTYPE:    0
 INTERPTYPE:    0
 RANMETHOD:             3U
 MC SAMPLES (ESAMPLE):    300
 WRES SQUARE ROOT TYPE (WRESCHOL): EIGENVALUE
0-- TABLE   1 --
0RECORDS ONLY:    ALL
04 COLUMNS APPENDED:    YES
 PRINTED:                NO
 HEADERS:               ONE
 FILE TO BE FORWARDED:   NO
 FORMAT:                S1PE11.4
 IDFORMAT:
 LFORMAT:
 RFORMAT:
 FIXED_EFFECT_ETAS:
0USER-CHOSEN ITEMS:
 ID TIME CONC EVID IPRED CWRES
0-- TABLE   2 --
0RECORDS ONLY:    ALL
04 COLUMNS APPENDED:    NO
 PRINTED:                NO
 HEADERS:               ONE
 FILE TO BE FORWARDED:   NO
 FORMAT:                S1PE11.4
 IDFORMAT:
 LFORMAT:
 RFORMAT:
 FIXED_EFFECT_ETAS:
0USER-CHOSEN ITEMS:
 ID CL V K
0-- TABLE   3 --
0RECORDS ONLY:    ALL
04 COLUMNS APPENDED:    NO
 PRINTED:                NO
 HEADERS:               ONE
 FILE TO BE FORWARDED:   NO
 FORMAT:                S1PE11.4
 IDFORMAT:
 LFORMAT:
 RFORMAT:
 FIXED_EFFECT_ETAS:
0USER-CHOSEN ITEMS:
 ID SEX ETHNI
0-- TABLE   4 --
0RECORDS ONLY:    ALL
04 COLUMNS APPENDED:    NO
 PRINTED:                NO
 HEADERS:               ONE
 FILE TO BE FORWARDED:   NO
 FORMAT:                S1PE11.4
 IDFORMAT:
 LFORMAT:
 RFORMAT:
 FIXED_EFFECT_ETAS:
0USER-CHOSEN ITEMS:
 ID BW ALB SCR eGFR AGE
0WARNING: THE NUMBER OF PARAMETERS TO BE ESTIMATED
 EXCEEDS THE NUMBER OF INDIVIDUALS WITH DATA.
0WARNING: FOR AN ASYMPTOTIC ESTIMATE OF THE VARIANCE-COVARIANCE MATRIX
 OF THE GRADIENT VECTOR, THE COVARIANCE STEP COMPUTES THE S MATRIX.
 BUT WHEN THE NUMBER OF PARAMETERS TO BE ESTIMATED
 EXCEEDS THE NUMBER OF INDIVIDUALS WITH DATA,
 THIS MATRIX CAN BE SINGULAR AND BE A POOR ASYMPTOTIC ESTIMATE.
1DOUBLE PRECISION PREDPP VERSION 7.6.0 (nm760)

 ONE COMPARTMENT MODEL (ADVAN1)
0MAXIMUM NO. OF BASIC PK PARAMETERS:   2
0BASIC PK PARAMETERS (AFTER TRANSLATION):
   ELIMINATION RATE (K) IS BASIC PK PARAMETER NO.:  1

 TRANSLATOR WILL CONVERT PARAMETERS
 CLEARANCE (CL) AND VOLUME (V) TO K (TRANS2)
0COMPARTMENT ATTRIBUTES
 COMPT. NO.   FUNCTION   INITIAL    ON/OFF      DOSE      DEFAULT    DEFAULT
                         STATUS     ALLOWED    ALLOWED    FOR DOSE   FOR OBS.
    1         CENTRAL      ON         NO         YES        YES        YES
    2         OUTPUT       OFF        YES        NO         NO         NO
1
 ADDITIONAL PK PARAMETERS - ASSIGNMENT OF ROWS IN GG
 COMPT. NO.                             INDICES
              SCALE      BIOAVAIL.   ZERO-ORDER  ZERO-ORDER  ABSORB
                         FRACTION    RATE        DURATION    LAG
    1            *           *           *           *           *
    2            3           -           -           -           -
             - PARAMETER IS NOT ALLOWED FOR THIS MODEL
             * PARAMETER IS NOT SUPPLIED BY PK SUBROUTINE;
               WILL DEFAULT TO ONE IF APPLICABLE
0DATA ITEM INDICES USED BY PRED ARE:
   EVENT ID DATA ITEM IS DATA ITEM NO.:     17
   TIME DATA ITEM IS DATA ITEM NO.:          2
   DOSE AMOUNT DATA ITEM IS DATA ITEM NO.:   3
   DOSE RATE DATA ITEM IS DATA ITEM NO.:     4

0PK SUBROUTINE CALLED WITH EVERY EVENT RECORD.
 PK SUBROUTINE NOT CALLED AT NONEVENT (ADDITIONAL OR LAGGED) DOSE TIMES.
0ERROR SUBROUTINE CALLED WITH EVERY EVENT RECORD.
0DATA RECORD ERROR MESSAGE FROM PRED:
0DATA REC          22: DOSE AMOUNT IS ZERO
0DATA REC          33: DOSE AMOUNT IS ZERO
0DATA REC          71: DOSE AMOUNT IS ZERO
0DATA REC          97: DOSE AMOUNT IS ZERO
0DATA REC         160: DOSE AMOUNT IS ZERO
0DATA REC         193: DOSE AMOUNT IS ZERO
0DATA REC         227: DOSE AMOUNT IS ZERO
0DATA REC         235: DOSE AMOUNT IS ZERO
0DATA REC         253: DOSE AMOUNT IS ZERO
0DATA REC         281: DOSE AMOUNT IS ZERO
0DATA REC         302: DOSE AMOUNT IS ZERO
0DATA REC         349: DOSE AMOUNT IS ZERO
0DATA REC         449: DOSE AMOUNT IS ZERO
0DATA REC         457: DOSE AMOUNT IS ZERO
0DATA REC         564: DOSE AMOUNT IS ZERO
0DATA REC         684: DOSE AMOUNT IS ZERO
0DATA REC         721: DOSE AMOUNT IS ZERO
0DATA REC         730: DOSE AMOUNT IS ZERO
0DATA REC         733: DOSE AMOUNT IS ZERO
0DATA REC         764: DOSE AMOUNT IS ZERO
0DATA REC         777: DOSE AMOUNT IS ZERO
0DATA REC         821: DOSE AMOUNT IS ZERO
0DATA REC         844: DOSE AMOUNT IS ZERO
0DATA REC         856: DOSE AMOUNT IS ZERO
0DATA REC         859: DOSE AMOUNT IS ZERO
0DATA REC         883: DOSE AMOUNT IS ZERO
0DATA REC         909: DOSE AMOUNT IS ZERO
0DATA REC         940: DOSE AMOUNT IS ZERO
0DATA REC         969: DOSE AMOUNT IS ZERO
0DATA REC         971: DOSE AMOUNT IS ZERO
0DATA REC         982: DOSE AMOUNT IS ZERO
0DATA REC         996: DOSE AMOUNT IS ZERO
0RUN TERMINATED BECAUSE OF ERRORS IN DATA RECORDS
 #CPUT: Total CPU Time in Seconds,        0.021
Stop Time:
vr 28 nov 2025 09:56:57 CET
